BOOLEAN #
INT a b c y a1 b1 foo #
LONG #
REAL #
STRING d test #
x e h #
